
-------------------------------------------------------------------
Your code has been rated at 10.00/10 (previous run: 7.22/10, +2.78)

